==============================================================================
A. Per-coordinate overlap-tilt calculus on Bernoulli products
==============================================================================
Coupling of Bern(p) with itself, odds ratio rho (rho>1 = overlap-
biased).  Union marginal m(rho) = 1 - z_rho(1-p,1-p); product
obstructs the tilt iff h(m) < h(p) for ALL rho, i.e. never once
rho can exceed rho*(p) = p(3p-1)/(1-2p)^2.

z_rho validated: max odds-ratio round-trip rel. error = 5.39e-13
rho*(p) closed form:  max |z_rho*(x,x)-(1-x)| = 1.08e-14
p*(rho) closed form:  max inversion error      = 3.20e-14
continuity: p*(1) = 0.381966 = psi;  p*(1e6) = 0.499750 -> 1/2

     rho    p*(rho)   (products with p < p* never obstruct tilt rho)
  1.0000   0.381966
  1.0100   0.382214
  1.0303   0.382712
  1.1000   0.384361
  1.2500   0.387628
  1.5000   0.392375
  2.0000   0.400000
  3.0000   0.410803
  5.0000   0.424042
 10.0000   0.440498
100.0000   0.477299

Odds ratio needed to clear Liu's record 0.38271: rho*(0.38271) = 1.030222
(the tilt analogue of 002's c_needed = 0.007: a 3% odds-ratio
 tilt already moves the PRODUCT ceiling past the record --
 products are cheap; the mixture/slice adversaries decide.)

Adaptive tilt, per-coordinate: max_m h(m) - h(p) = 1 - h(p) > 0
for all p in (psi, 1/2); min over grid = 0.000000 (at p->1/2).
==> the Bernoulli-product obstruction of the adaptive overlap-
    tilt class sits at exactly 1/2 (vs psi for iid, c=0..1 KL).
  [checkpoint: ../attempts/union-closed/data/003_partA.json]

==============================================================================
B. Pure Chase-Lovett slice under the pure overlap tilt (exact)
==============================================================================
mu = Unif(slice w0 = round(p n)).  This family kills the iid
functional for p > psi (h(2p-p^2) < h(p)) and has D = inf, so 002
could only reach it via smoothing.  The tilt coupling reaches it
directly.  Gain(lam) = H_pi(U) - log2 C(n,w0):

n=  1000 p=0.3820: gain(iid=lam 0) =     +4.73   max gain =    +45.03 at lam2=3   [n(1-h(p)) = 40.6]
n=  1000 p=0.3900: gain(iid=lam 0) =     -7.73   max gain =    +39.09 at lam2=3   [n(1-h(p)) = 35.2]
n= 10000 p=0.3823: gain(iid=lam 0) =     +1.25   max gain =   +407.98 at lam2=3   [n(1-h(p)) = 403.5]
n= 10000 p=0.4200: gain(iid=lam 0) =   -594.69   max gain =   +124.34 at lam2=3   [n(1-h(p)) = 185.5]

Reading: the iid row is the CL barrier (negative gain above psi);
a moderate overlap tilt makes the union sweep the deleted middle
band -- gain ~ n(1-h(p)) = Theta(n).  The tilt detects the slice's
non-closure by PROBABILITY, not log-likelihood.
  [checkpoint: ../attempts/union-closed/data/003_partB.json]

==============================================================================
B2. Brute-force validation of the exchangeable bookkeeping (n=8)
==============================================================================
marginal-of-A spread over slice atoms : 5.83e-16 (exact 0)
U within-slice nonuniformity          : 0.00e+00 (exact 0)
gain direct enumeration               : +1.585790907747
gain via part-B profile formula       : +1.585790907747
VALIDATED
  [checkpoint: ../attempts/union-closed/data/003_partB2.json]

==============================================================================
D. Block-adaptive (conditionally-iid) couplings, exact large n
==============================================================================
Exactly the instances whose c* certificates killed idea B in 002.
Coupling: share Sawin's latent k; per coordinate, common-
randomness mixture with union marginal m_k = 1/2 (p_k<1/2) or
diagonal (p_k>1/2).  Member of Liu's conditionally-iid class.

     n    ubar  theta  max marg   gain_iid       D  gain_coupled
  2000  0.3900  0.050  0.402269     -60.63   4.350        +66.88
 20000  0.3860  0.020  0.390799    -264.96   5.655       +741.48
 60000  0.3823  0.001  0.382536     -51.65   9.966      +2418.56

Smoothed slice (002 part D instance), general dependent block
coupling: share the component; slice-slice pairs coupled at fixed
intersection s = 2 w0 - n/2 (U ~ Unif(slice n/2), exact);
Bernoulli-Bernoulli pairs diagonal.

      n      p0      eps  max marg  F(1)_002  gain_coupled
 200000  0.3927  0.00400   0.39270   -2543.6       +6696.0
2000000  0.3835  0.00040   0.38350   -3956.2      +79047.0

Reading: every 002 certificate flips sign under a family-
adaptive coupling: the entropy deficit Theta(n) that KL could
only charge O(log 1/delta) for is recovered at probability scale.
  [checkpoint: ../attempts/union-closed/data/003_partD.json]

==============================================================================
E. Adversary hunt: 2-block product mixtures vs the single-lambda
   overlap-tilt recipe (asymptotic model)
==============================================================================
Model of the recipe's sweep over lam (per coordinate, n -> inf):
  lam = 0:      net_iid  = sum_{a,b} P_a P_b h(1-x_a x_b) - E h(p)
  lam > 0 fixed: net(rho) = sum_k P_k [h(1-z_rho(x_k,x_k))-h(p_k)]
               (blocks become assortative since n*lam -> inf)
Killer candidate = both <= 0 for all rho.  NOTE: intermediate
lam ~ gamma/n schedules are not modeled; a model-killer is a
necessary screen only.

cap 0.390: hardest  p_low=0.0010 p_high=0.998 P_high=0.0029 (marg=0.0039):
   J = +0.0093696 b/coord (iid +0.00937, tilt +0.0093171, anti +0.00937, tail T +0.3128)  > 0 (no killer)
cap 0.420: hardest  p_low=0.0660 p_high=0.510 P_high=0.7972 (marg=0.4200):
   J = +0.0080877 b/coord (iid -0.01841, tilt +0.0080877, anti +0.00806, tail T +0.1695)  > 0 (no killer)
cap 0.430: hardest  p_low=0.0194 p_high=0.510 P_high=0.8369 (marg=0.4300):
   J = +0.0026305 b/coord (iid -0.02321, tilt +0.0026305, anti +0.00255, tail T +0.1032)  > 0 (no killer)
cap 0.440: hardest  p_low=0.0003 p_high=0.510 P_high=0.8625 (marg=0.4399):
   J = +0.0000002 b/coord (iid -0.03389, tilt +0.0000002, anti -0.01123, tail T +0.0011)  > 0 (no killer)
cap 0.450: hardest  p_low=0.0003 p_high=0.510 P_high=0.8821 (marg=0.4499):
   J = -0.0000001 b/coord (iid -0.05549, tilt -0.0000001, anti -0.03884, tail T -0.0032)  <= 0  MODEL-KILLER
cap 0.470: hardest  p_low=0.0003 p_high=0.550 P_high=0.8543 (marg=0.4699):
   J = -0.0000029 b/coord (iid -0.07081, tilt -0.0000029, anti -0.04422, tail T -0.0955)  <= 0  MODEL-KILLER
cap 0.490: hardest  p_low=0.0003 p_high=0.620 P_high=0.7899 (marg=0.4900):
   J = -0.0000071 b/coord (iid -0.06775, tilt -0.0000071, anti -0.00971, tail T -0.2316)  <= 0  MODEL-KILLER
cap 0.499: hardest  p_low=0.0003 p_high=0.640 P_high=0.7792 (marg=0.4989):
   J = -0.0000082 b/coord (iid -0.07308, tilt -0.0000082, anti -0.00860, tail T -0.2692)  <= 0  MODEL-KILLER

Reading: bimodal mixtures (p_high ~ 0.8) defeat every FIXED
tilt rho > 1 (tail certificate T < 0), but the lam = 0 endpoint
(iid) separates them again through the cross-block unions.
Whether any 2-block mixture defeats the full sweep, and at which
marginal cap killers first appear, is read off the J column.
Model-killers are NOT counterexamples to (S-coup): the block-
adaptive coupling of part D separates every product mixture with
some marginal < 1/2 once n log-dominates the mixing entropy.
What they kill is the single family-oblivious tilt parameter:
adaptivity to the mixture structure is then forced.
  [checkpoint: ../attempts/union-closed/data/003_partE.json]

==============================================================================
F. Controls: union-closed families (gain must be <= 0) and a
   mini CL slice+top family (gain must be > 0); cross-checks
==============================================================================
union-closed control: {0,{1}} n=1                        |F|=   2 maxfreq=0.500  max gain = -1.63e-02  OK (<=0)
union-closed control: powerset n=3                       |F|=   8 maxfreq=0.500  max gain = -4.90e-02  OK (<=0)
union-closed control: upset w>=2 plus empty, n=6         |F|=  58 maxfreq=0.534  max gain = -1.23e-01  OK (<=0)
union-closed control: closure of 5 generators, n=10      |F|=  28 maxfreq=0.750  max gain = -3.48e-02  OK (<=0)
CL mini slice+top n=10:                  |F|= 596 maxfreq=0.570  max gain = +0.101 at lam2=5.0 (escape mass at opt: 0.110)
cross-check atom engine vs slice formula (n=10,w=4,lam2=0.7): |err| = 5.33e-15
cross-check exchangeable vs atom engine (Sawin n=10, lam2=0.5): gain -0.480676 vs -0.480676 |err| = 4.08e-12
  [checkpoint: ../attempts/union-closed/data/003_partF.json]

==============================================================================
C. Sinkhorn overlap tilt on exchangeable adversaries (exact)
==============================================================================

validation: Bern(0.4)^80  (n=80, H(A)=77.68, mean marginal=0.4000, closed form: n(h(1-z_rho)-h(p)))
    lam2      rho       gain     resid     mass  iters
    0.00    1.000     -2.261   8.2e-10  1.00000     35
    0.02    1.014     -2.209   6.5e-10  1.00000     30
    0.05    1.035     -2.130   8.5e-10  1.00000     30
    0.10    1.072     -2.000   5.5e-10  1.00000     31
    0.15    1.110     -1.872   8.9e-10  1.00000     30
    0.20    1.149     -1.746   7.0e-10  1.00000     30
    0.30    1.231     -1.500   8.6e-10  1.00000     30
    0.45    1.366     -1.145   6.2e-10  1.00000     30
    0.65    1.569     -0.700   6.6e-10  1.00000     29
    1.00    2.000     -0.000   4.5e-10  1.00000     28
    1.50    2.828     +0.823   8.2e-10  1.00000     25
    2.50    5.657     +1.881   3.0e-10  1.00000     22
   -0.05    0.966     -2.395   5.0e-10  1.00000     36
   -0.15    0.901     -2.667   9.5e-10  1.00000     33
   -0.40    0.758     -3.377   6.4e-10  1.00000     37
  ==> gain(iid) = -2.261;  max gain = +1.881 at lam2 = 2.5
  [checkpoint: ../attempts/union-closed/data/003_partC.json]
  closed-form check lam2=0.1: predicted -1.999926 got -1.999926  (|err| = 7.3e-11)
  closed-form check lam2=0.3: predicted -1.499553 got -1.499553  (|err| = 1.0e-10)
  closed-form check lam2=0.65: predicted -0.699650 got -0.699650  (|err| = 6.4e-11)
  closed-form check lam2=1: predicted +0.000000 got -0.000000  (|err| = 3.5e-11)

Sawin gadget n=200 ubar=0.4 theta=0.05  (n=200, H(A)=194.11, mean marginal=0.4124, the idea-B killer)
    lam2      rho       gain     resid     mass  iters
    0.00    1.000     -9.108   5.9e-10  1.00000     38
    0.02    1.014     -8.963   6.1e-10  1.00000     31
    0.05    1.035     -8.746   5.1e-10  1.00000     31
    0.10    1.072     -8.388   7.7e-10  1.00000     31
    0.15    1.110     -8.035   6.9e-10  1.00000     31
    0.20    1.149     -7.687   6.4e-10  1.00000     31
    0.30    1.231     -7.008   5.0e-10  1.00000     32
    0.45    1.366     -6.042   5.1e-10  1.00000     32
    0.65    1.569     -4.836   5.1e-10  1.00000     33
    1.00    2.000     -2.912   7.5e-10  1.00000     33
    1.50    2.828     -0.579   9.5e-10  1.00000     34
    2.50    5.657     +2.612   5.5e-10  1.00000     37
   -0.05    0.966     -9.475   5.4e-10  1.00000     38
   -0.15    0.901    -10.222   6.3e-10  1.00000     38
   -0.40    0.758    -12.173   9.4e-10  1.00000     45
  ==> gain(iid) = -9.108;  max gain = +2.612 at lam2 = 2.5
  [checkpoint: ../attempts/union-closed/data/003_partC.json]

Sawin gadget n=200 ubar=0.42 theta=0.08  (n=200, H(A)=195.47, mean marginal=0.4404, the idea-B killer)
    lam2      rho       gain     resid     mass  iters
    0.00    1.000    -17.780   6.1e-10  1.00000     38
    0.02    1.014    -17.593   5.1e-10  1.00000     31
    0.05    1.035    -17.313   9.9e-10  1.00000     30
    0.10    1.072    -16.847   7.7e-10  1.00000     31
    0.15    1.110    -16.381   7.7e-10  1.00000     31
    0.20    1.149    -15.921   7.3e-10  1.00000     31
    0.30    1.231    -15.031   5.9e-10  1.00000     32
    0.45    1.366    -13.780   6.7e-10  1.00000     32
    0.65    1.569    -12.229   5.1e-10  1.00000     32
    1.00    2.000     -9.742   8.9e-10  1.00000     33
    1.50    2.828     -6.661   6.2e-10  1.00000     35
    2.50    5.657     -2.144   6.5e-10  1.00000     37
   -0.05    0.966    -18.248   7.2e-10  1.00000     38
   -0.15    0.901    -19.192   5.5e-10  1.00000     40
   -0.40    0.758    -21.634   9.3e-10  1.00000     48
  ==> gain(iid) = -17.780;  max gain = -2.144 at lam2 = 2.5
  [checkpoint: ../attempts/union-closed/data/003_partC.json]

Sawin gadget n=300 ubar=0.3823 theta=0.02  (n=300, H(A)=288.02, mean marginal=0.3871, the idea-B killer)
    lam2      rho       gain     resid     mass  iters
    0.00    1.000     -2.137   8.7e-10  1.00000     38
    0.02    1.014     -1.969   1.0e-09  1.00000     31
    0.05    1.035     -1.719   8.2e-10  1.00000     31
    0.10    1.072     -1.308   6.2e-10  1.00000     33
    0.15    1.110     -0.905   6.4e-10  1.00000     32
    0.20    1.149     -0.510   8.8e-10  1.00000     33
    0.30    1.231     +0.254   7.9e-10  1.00000     33
    0.45    1.366     +1.342   6.0e-10  1.00000     34
    0.65    1.569     +2.707   7.5e-10  1.00000     33
    1.00    2.000     +4.863   9.2e-10  1.00000     34
    1.50    2.828     +7.369   7.4e-10  1.00000     35
    2.50    5.657    +10.357   7.2e-10  1.00000     38
   -0.05    0.966     -2.562   7.3e-10  1.00000     38
   -0.15    0.901     -3.431   5.4e-10  1.00000     38
   -0.40    0.758     -5.707   8.7e-10  1.00000     44
  ==> gain(iid) = -2.137;  max gain = +10.357 at lam2 = 2.5
  [checkpoint: ../attempts/union-closed/data/003_partC.json]

smoothed slice n=200 w0=79 t=2^-8  (n=200, H(A)=189.51, mean marginal=0.3959, max marg=0.3959)
    lam2      rho       gain     resid     mass  iters
    0.00    1.000     -0.682   8.0e-10  1.00000     37
    0.02    1.014     -0.556   8.7e-10  1.00000     31
    0.05    1.035     -0.367   6.1e-10  1.00000     32
    0.10    1.072     -0.056   7.7e-10  1.00000     32
    0.15    1.110     +0.250   7.1e-10  1.00000     32
    0.20    1.149     +0.552   5.7e-10  1.00000     33
    0.30    1.231     +1.140   8.9e-10  1.00000     35
    0.45    1.366     +1.985   9.7e-10  1.00000     34
    0.65    1.569     +3.036   8.2e-10  1.00000     34
    1.00    2.000     +4.674   7.5e-10  1.00000     35
    1.50    2.828     +6.583   5.8e-10  1.00000     36
    2.50    5.657     +8.945   6.2e-10  1.00000     37
   -0.05    0.966     -1.003   8.1e-10  1.00000     37
   -0.15    0.901     -1.656   5.9e-10  1.00000     34
   -0.40    0.758     -3.364   7.6e-10  1.00000     38
  ==> gain(iid) = -0.682;  max gain = +8.945 at lam2 = 2.5
  [checkpoint: ../attempts/union-closed/data/003_partC.json]

smoothed slice n=300 w0=120 t=2^-10  (n=300, H(A)=286.88, mean marginal=0.4002, max marg=0.4002)
    lam2      rho       gain     resid     mass  iters
    0.00    1.000     -4.623   6.0e-10  1.00000     38
    0.02    1.014     -4.424   6.6e-10  1.00000     32
    0.05    1.035     -4.128   9.6e-10  1.00000     32
    0.10    1.072     -3.639   6.2e-10  1.00000     33
    0.15    1.110     -3.157   5.7e-10  1.00000     33
    0.20    1.149     -2.683   6.0e-10  1.00000     35
    0.30    1.231     -1.756   7.6e-10  1.00000     36
    0.45    1.366     -0.423   5.6e-10  1.00000     36
    0.65    1.569     +1.246   6.3e-10  1.00000     35
    1.00    2.000     +3.864   5.8e-10  1.00000     36
    1.50    2.828     +6.939   8.9e-10  1.00000     36
    2.50    5.657    +10.850   9.3e-10  1.00000     37
   -0.05    0.966     -5.126   6.2e-10  1.00000     38
   -0.15    0.901     -6.152   8.6e-10  1.00000     34
   -0.40    0.758     -8.830   9.2e-10  1.00000     39
  ==> gain(iid) = -4.623;  max gain = +10.850 at lam2 = 2.5
  [checkpoint: ../attempts/union-closed/data/003_partC.json]

part-E model-killer n=300 bimodal  (n=300, H(A)=100.22, mean marginal=0.4901, marg=0.490)
    lam2      rho       gain     resid     mass  iters
    0.00    1.000     +0.056   5.4e-10  1.00000     40
    0.02    1.014    -47.829   5.6e-10  1.00000     31
    0.05    1.035    -71.311   9.4e-10  1.00000     32
    0.10    1.072    -74.057   9.2e-10  1.00000     33
    0.15    1.110    -73.644   8.6e-10  1.00000     33
    0.20    1.149    -73.152   8.0e-10  1.00000     33
    0.30    1.231    -72.149   8.7e-10  1.00000     34
    0.45    1.366    -70.608   6.9e-10  1.00000     35
    0.65    1.569    -68.493   9.5e-10  1.00000     35
    1.00    2.000    -64.650   9.0e-10  1.00000     36
    1.50    2.828    -58.947   6.5e-10  1.00000     37
    2.50    5.657    -47.431   6.3e-10  1.00000     38
   -0.05    0.966    +55.131   9.4e-10  1.00000    158
   -0.15    0.901    +54.286   9.1e-10  1.00000    282
   -0.40    0.758    +52.270   9.4e-10  1.00000    538
  ==> gain(iid) = +0.056;  max gain = +55.131 at lam2 = -0.05
  [checkpoint: ../attempts/union-closed/data/003_partC.json]
  model overlay (per-coord x n):
    lam2=   0: iid-model    -0.44  assort-model   -75.10
    lam2= 0.1: iid-model    -0.44  assort-model   -74.14
    lam2= 0.3: iid-model    -0.44  assort-model   -72.15
    lam2=0.65: iid-model    -0.44  assort-model   -68.49
    lam2=   1: iid-model    -0.44  assort-model   -64.65
    lam2= 2.5: iid-model    -0.44  assort-model   -47.43

[part C total time: 130.5s]
