[A] product mu: 85 histories, max |log2 OR - lambda| = 1.44e-15  (PASS=yes)
[B] diagonal C-S: min over 60 random potentials of OR/2^lam on diagonal = 1.000000000000 (>= 1: yes)
[B] strictness on i<n diagonal rows: global min OR/2^lam = 1.000000; fraction of trials all-strict: 1.00
[B] off-diagonal ORs below 1 found in 0/60 random dense trials (crash needs structured mu -> part C)
[C] n= 5: max marginal 0.3700 < 0.38271, H(mu)=1.762 bits, history mass 0.1588, log2 OR = -2.000000 (predicted -2.0, err 0.0e+00)
[C] n= 8: max marginal 0.3700 < 0.38271, H(mu)=1.762 bits, history mass 0.1441, log2 OR = -5.000000 (predicted -5.0, err 8.9e-16)
[C] n=11: max marginal 0.3700 < 0.38271, H(mu)=1.762 bits, history mass 0.1376, log2 OR = -8.000000 (predicted -8.0, err 0.0e+00)
[C] n=13: max marginal 0.3700 < 0.38271, H(mu)=1.762 bits, history mass 0.1357, log2 OR = -10.000000 (predicted -10.0, err 0.0e+00)
[C2] full support n=8 eps=0.01: log2 OR at crash history = -4.6204 (limit -5.0)
[C2] full support n=8 eps=0.001: log2 OR at crash history = -4.9587 (limit -5.0)
[C2] full support n=8 eps=0.0001: log2 OR at crash history = -4.9958 (limit -5.0)
[D] random sweep: min slack to bounds lo/hi = -0.000/-0.000 (both >= 0: yes)
[D] top end attained: log2 OR = 4.000000 vs bound lam(1+m) = 4.0
[E] mixture n=6 lam=0.5: log2 OR in [+0.500, +0.516], avg mass with OR>2^lam 0.831, with OR<1 0.0000, min diag OR/2^lam 1.000000
[E]   mass-weighted mean log2 OR by coordinate: +0.515 +0.511 +0.508 +0.505 +0.502 +0.500  (lambda=0.5)
[E] mixture n=6 lam=1.5: log2 OR in [+1.499, +1.548], avg mass with OR>2^lam 0.811, with OR<1 0.0000, min diag OR/2^lam 1.000000
[E]   mass-weighted mean log2 OR by coordinate: +1.543 +1.534 +1.524 +1.515 +1.507 +1.500  (lambda=1.5)
[F] MTP2 potentials (15 random): min OR/2^lam over ALL histories = 1.000000000 (>= 1: yes); max diagonal OR/2^lam = 1.055 (> 1 => upper half fails under MTP2 too)
[F] probe mu-MTP2 -> u-MTP2: 1/24 fits violated log-supermodularity of u; worst ratio 0.992152021 (violating instance checkpointed)
[F] min OR/2^lam over histories for mu-MTP2 instances: 1.000000000
[G] delta | max diag excess (log2 OR - lam) | max overall |log2 OR - lam| | ratios vs prev delta
[G] 0.005  0.000015   0.000015
[G] 0.01  0.000060   0.000060  x3.93 / x3.93
[G] 0.02  0.000232   0.000232  x3.86 / x3.86
[G] 0.04  0.000864   0.000864  x3.73 / x3.73
[G] 0.08  0.003019   0.003019  x3.49 / x3.49
[G] 0.16  0.009364   0.009364  x3.10 / x3.10
done; checkpoints in /home/user/math-lab/problems/union-closed/data
