[      0s] start (FAST=False)
[      0s] [C] design n=4 trial 0: model c1 +3.795635e-04 (mm 0.353)
[      0s] [C] design n=4 trial 1: model c1 -3.291925e-03 (mm 0.383)
[      1s] [C] design n=4 trial 2: model c1 +1.307589e-04 (mm 0.379)
[      1s] [C] design n=4 trial 3: model c1 +1.507851e-04 (mm 0.325)
[      1s] [C] design n=4 trial 4: model c1 -5.444502e-04 (mm 0.382)
[      1s] [C] design n=4 trial 5: model c1 -1.304477e-02 (mm 0.383)
[      1s] [C] design n=4 trial 6: model c1 +4.961018e-05 (mm 0.366)
[      2s] [C] design n=4 trial 7: model c1 -3.533408e-03 (mm 0.383)
[      2s] [C] design n=4 trial 8: model c1 +2.825351e-04 (mm 0.294)
[      2s] [C] design n=4 trial 9: model c1 -8.353262e-03 (mm 0.380)
[      2s] [C] design n=5 trial 0: model c1 -1.302183e-02 (mm 0.374)
[      3s] [C] design n=5 trial 1: model c1 +5.133238e-04 (mm 0.346)
[      3s] [C] design n=5 trial 2: model c1 -1.256816e-02 (mm 0.383)
[      3s] [C] design n=5 trial 3: model c1 -3.420897e-02 (mm 0.366)
[      3s] [C] design n=5 trial 4: model c1 -1.760814e-02 (mm 0.382)
[      4s] [C] design n=5 trial 5: model c1 -3.200887e-03 (mm 0.354)
[      4s] [C] design n=5 trial 6: model c1 -4.528314e-04 (mm 0.302)
[      4s] [C] design n=5 trial 7: model c1 -3.375308e-03 (mm 0.370)
[      5s] [C] design n=5 trial 8: model c1 -7.747350e-03 (mm 0.382)
[      5s] [C] design n=5 trial 9: model c1 -8.440235e-03 (mm 0.383)
[      5s] [C] verify n=5 lam=0.02: MM_abs -8.537070e-03 agg +6.660355e-03 (mm 0.366)
[      5s] [C] verify n=5 lam=0.05: MM_abs -2.168194e-02 agg +1.689523e-02 (mm 0.366)
[      5s] [C] verify n=5 lam=0.1: MM_abs -4.188519e-02 agg +3.460987e-02 (mm 0.366)
[      5s] [C] verify n=5 lam=0.2: MM_abs -6.801842e-02 agg +7.253076e-02 (mm 0.366)
[      5s] [C] verify n=5 lam=0.5: MM_abs -5.868897e-02 agg +2.066039e-01 (mm 0.366)
[      5s] [C] verify n=5 lam=0.02: MM_abs -2.374775e-03 agg +4.898656e-03 (mm 0.382)
[      5s] [C] verify n=5 lam=0.05: MM_abs -5.876839e-03 agg +1.234687e-02 (mm 0.382)
[      5s] [C] verify n=5 lam=0.1: MM_abs -1.082567e-02 agg +2.502768e-02 (mm 0.382)
[      5s] [C] verify n=5 lam=0.2: MM_abs -1.727569e-02 agg +5.138908e-02 (mm 0.382)
[      5s] [C] verify n=5 lam=0.5: MM_abs -1.022730e-02 agg +1.383950e-01 (mm 0.382)
[      5s] [C] verify n=4 lam=0.02: MM_abs -5.615490e-03 agg +4.155206e-03 (mm 0.383)
[      5s] [C] verify n=4 lam=0.05: MM_abs -1.360612e-02 agg +1.051677e-02 (mm 0.383)
[      5s] [C] verify n=4 lam=0.1: MM_abs -2.515112e-02 agg +2.146708e-02 (mm 0.383)
[      5s] [C] verify n=4 lam=0.2: MM_abs -4.215517e-02 agg +4.470011e-02 (mm 0.383)
[      5s] [C] verify n=4 lam=0.5: MM_abs -4.630310e-02 agg +1.255853e-01 (mm 0.383)
[      5s] [C] verify n=5 lam=0.02: MM_abs -1.746328e-03 agg +5.902348e-03 (mm 0.374)
[      5s] [C] verify n=5 lam=0.05: MM_abs -4.302108e-03 agg +1.486252e-02 (mm 0.374)
[      5s] [C] verify n=5 lam=0.1: MM_abs -7.540647e-03 agg +3.007841e-02 (mm 0.374)
[      5s] [C] verify n=5 lam=0.2: MM_abs -1.063039e-02 agg +6.155357e-02 (mm 0.374)
[      5s] [C] verify n=5 lam=0.5: MM_abs +7.490906e-03 agg +1.640096e-01 (mm 0.374)
[      5s] [C] verify n=5 lam=0.02: MM_abs -8.213798e-03 agg +2.143873e-03 (mm 0.383)
[      5s] [C] verify n=5 lam=0.05: MM_abs -2.039308e-02 agg +5.468301e-03 (mm 0.383)
[      5s] [C] verify n=5 lam=0.1: MM_abs -3.938789e-02 agg +1.130120e-02 (mm 0.383)
[      5s] [C] verify n=5 lam=0.2: MM_abs -6.951588e-02 agg +2.407877e-02 (mm 0.383)
[      5s] [C] verify n=5 lam=0.5: MM_abs -1.100587e-01 agg +7.157148e-02 (mm 0.383)
[      5s] [C] verify n=5 lam=0.02: MM_abs -3.690810e-04 agg +7.007703e-03 (mm 0.383)
[      5s] [C] verify n=5 lam=0.05: MM_abs -5.910313e-04 agg +1.771212e-02 (mm 0.383)
[      5s] [C] verify n=5 lam=0.1: MM_abs +5.480553e-04 agg +3.606619e-02 (mm 0.383)
[      5s] [C] verify n=5 lam=0.2: MM_abs +8.117072e-03 agg +7.468904e-02 (mm 0.383)
[      5s] [C] verify n=5 lam=0.5: MM_abs +7.408262e-02 agg +2.054775e-01 (mm 0.383)
[      5s] done
