[      0s] start (FAST=False)
[      0s] [F] design n=4 trial 0: model c1 +3.814592e-03 rp_pen 0.00e+00 (mm 0.379)
[      0s] [F] design n=4 trial 1: model c1 -3.141332e-03 rp_pen 0.00e+00 (mm 0.373)
[      1s] [F] design n=4 trial 2: model c1 +2.992132e-03 rp_pen 0.00e+00 (mm 0.382)
[      1s] [F] design n=4 trial 3: model c1 +5.184309e-03 rp_pen 0.00e+00 (mm 0.350)
[      1s] [F] design n=4 trial 4: model c1 +2.904206e-03 rp_pen 0.00e+00 (mm 0.382)
[      1s] [F] design n=4 trial 5: model c1 +7.463906e-03 rp_pen 0.00e+00 (mm 0.383)
[      2s] [F] design n=4 trial 6: model c1 +6.749253e-03 rp_pen 0.00e+00 (mm 0.382)
[      2s] [F] design n=4 trial 7: model c1 -2.374563e-03 rp_pen 0.00e+00 (mm 0.382)
[      2s] [F] design n=5 trial 0: model c1 -9.282420e-03 rp_pen 0.00e+00 (mm 0.382)
[      3s] [F] design n=5 trial 1: model c1 +1.250306e-02 rp_pen 0.00e+00 (mm 0.371)
[      3s] [F] design n=5 trial 2: model c1 +8.589659e-03 rp_pen 0.00e+00 (mm 0.382)
[      3s] [F] design n=5 trial 3: model c1 +3.445048e-03 rp_pen 0.00e+00 (mm 0.364)
[      4s] [F] design n=5 trial 4: model c1 +9.955547e-03 rp_pen 0.00e+00 (mm 0.383)
[      4s] [F] design n=5 trial 5: model c1 +7.229741e-03 rp_pen 0.00e+00 (mm 0.383)
[      4s] [F] design n=5 trial 6: model c1 +5.922711e-03 rp_pen 0.00e+00 (mm 0.383)
[      5s] [F] design n=5 trial 7: model c1 +3.904574e-03 rp_pen 0.00e+00 (mm 0.376)
[      5s] [F] verify n=5 lam=0.2: MM_abs -1.608180e-02 (mm 0.382)
[      5s] [F] verify n=5 lam=0.5: MM_abs -2.937113e-02 (mm 0.382)
[      5s] [F] verify n=5 lam=1.0: MM_abs -2.783913e-03 (mm 0.382)
[     11s] [F] cert n=5 t=7/5: num [-2.0682e-03, -2.0682e-03] R+ True in_regime True
[     11s] [F] verify n=4 lam=0.2: MM_abs -1.453450e-02 (mm 0.373)
[     11s] [F] verify n=4 lam=0.5: MM_abs -5.287736e-02 (mm 0.373)
[     11s] [F] verify n=4 lam=1.0: MM_abs -8.771693e-02 (mm 0.373)
[     15s] [F] cert n=4 t=7/5: num [-1.7775e-03, -1.7775e-03] R+ True in_regime True
[     15s] [F] verify n=4 lam=0.2: MM_abs -9.434163e-03 (mm 0.382)
[     15s] [F] verify n=4 lam=0.5: MM_abs -1.214440e-02 (mm 0.382)
[     15s] [F] verify n=4 lam=1.0: MM_abs +5.736727e-02 (mm 0.382)
[     19s] [F] cert n=4 t=7/5: num [-3.6933e-04, -3.6933e-04] R+ True in_regime True
[     19s] done
