==============================================================================
SK-A. Evaluator validation + identity cross-checks
==============================================================================
  A1 product Bern(0.4)^8 rho=   1: CR -0.226139242 closed -0.226139242  |OR-rho| 0.0e+00 uchain 2.5e-14 miTA 8.8e-13 OK
  A1 product Bern(0.4)^8 rho= 1.5: CR -0.084080497 closed -0.084080497  |OR-rho| 5.3e-15 uchain 2.0e-13 miTA 1.7e-12 OK
  A1 product Bern(0.4)^8 rho=   3: CR +0.094270982 closed +0.094270982  |OR-rho| 4.4e-16 uchain 8.0e-13 miTA 9.3e-13 OK
  A2 slice n=8 w0=3 lam=0.7 (atoms): gain +1.585790908 (003: +1.585790908, d=2.4e-13); CR d=2.1e-14 vs 009; tax_A -5.86e-14
  A3 recursion vs atoms (slice): dCR=7.5e-14 dgain=3.5e-14 dtax_A=5.2e-14 dsecond_tax=4.1e-14 dH_mu=1.9e-13 dH_U=2.2e-13
     fact (iii): tax_A = 0.000617 <= I(A;B) = 0.074481 (OK)
  A4 mixture n=8 lam=0.8: atom-resid 6.8e-14 sym 1.1e-13 prof-resid 1.0e-12; dCR=8.4e-13 dgain=2.4e-13 dtax_A=5.7e-13 dsecond_tax=1.1e-12 dH_mu=4.0e-13 dH_U=6.4e-13
     (CR +1.194921 tax_A 0.000617 ST 0.006630; identities: uchain 8.9e-16, miTA 4.4e-13)
  [checkpoint: problems/union-closed/data/mitaxsk_partA.json]

==============================================================================
SK-B. Crash family: reproduce, extend past grid edges, window law
==============================================================================
  closed-form iid CR (n-independent) = +0.111394  (009: +0.1114)
  n= 5: sup CR +0.13068 at lam 0.5; CR(-2)=-0.1579 CR(5)=-0.0094; max|log2OR - lam(3-n)| = 2.2e-15
  n= 8: sup CR +0.12813 at lam 0.25; CR(-2)=-0.1907 CR(5)=-0.0134; max|log2OR - lam(3-n)| = 7.1e-15
  n=11: sup CR +0.11538 at lam 0.25; CR(-2)=-0.1916 CR(5)=-0.0135; max|log2OR - lam(3-n)| = 7.1e-15
  n=14: sup CR +0.11139 at lam 0.0; CR(-2)=-0.1916 CR(5)=-0.0135; max|log2OR - lam(3-n)| = 1.4e-14
  n=17: sup CR +0.11139 at lam 0.0; CR(-2)=-0.1916 CR(5)=-0.0135; max|log2OR - lam(3-n)| = 1.4e-14
  max |CR/gain - 009 partB| over shared grid = 1.39e-10
  window n= 5: lam_max = 2.52593  lam_min = -0.72266  lam_max*(n-3) = 5.0519
  window n= 8: lam_max = 0.97336  lam_min = -0.36976  lam_max*(n-3) = 4.8668
  window n=11: lam_max = 0.60650  lam_min = -0.24788  lam_max*(n-3) = 4.8520
  window n=14: lam_max = 0.44080  lam_min = -0.18636  lam_max*(n-3) = 4.8488
  window n=17: lam_max = 0.34627  lam_min = -0.14929  lam_max*(n-3) = 4.8478
  window n=20: lam_max = 0.28515  lam_min = -0.12451  lam_max*(n-3) = 4.8475
  [checkpoint: problems/union-closed/data/mitaxsk_partB.json]

==============================================================================
SK-C. Half-mixing genre: ST=0 identity (HM), gain closed form
==============================================================================
  ph=0.6 P1=0.5 n= 6: ST = 7.99e-15  |gain-closed| = 4.75e-03  tax_A = 0.105968  sigma-check = 1.11e-16
  ph=0.6 P1=0.5 n=10: ST = -1.26e-13  |gain-closed| = 2.60e-04  tax_A = 0.107949  sigma-check = 1.44e-15
  ph=0.6 P1=0.5 n=14: ST = -6.36e-13  |gain-closed| = 1.02e-05  tax_A = 0.108000  sigma-check = 2.34e-14
  ph=0.6 P1=0.5 n=16: ST = 3.11e-11  |gain-closed| = 1.92e-06  tax_A = 0.108001  sigma-check = 3.54e-14
  ph=0.51 P1=0.163 n= 6: ST = 7.11e-15  |gain-closed| = 7.71e-03  tax_A = 0.115403  sigma-check = 1.11e-16
  ph=0.51 P1=0.163 n=10: ST = -3.50e-13  |gain-closed| = 2.19e-04  tax_A = 0.125626  sigma-check = 1.78e-15
  ph=0.51 P1=0.163 n=14: ST = -4.96e-12  |gain-closed| = 2.67e-06  tax_A = 0.126253  sigma-check = 3.12e-14
  ph=0.51 P1=0.163 n=16: ST = 1.62e-11  |gain-closed| = 2.49e-06  tax_A = 0.126282  sigma-check = 6.13e-14
  ph=0.75 P1=0.4 n= 6: ST = -1.51e-14  |gain-closed| = 3.52e-04  tax_A = 0.091807  sigma-check = 1.11e-16
  ph=0.75 P1=0.4 n=10: ST = -7.02e-14  |gain-closed| = 2.90e-06  tax_A = 0.091953  sigma-check = 3.33e-16
  ph=0.75 P1=0.4 n=14: ST = 2.11e-12  |gain-closed| = 1.73e-08  tax_A = 0.091954  sigma-check = 8.88e-16
  ph=0.75 P1=0.4 n=16: ST = -7.25e-12  |gain-closed| = 1.26e-09  tax_A = 0.091954  sigma-check = 2.78e-15
  ph=0.51 P1=0.5 n= 6: ST = 1.42e-14  |gain-closed| = 1.01e-02  tax_A = 0.113807  sigma-check = 1.11e-16
  ph=0.51 P1=0.5 n=10: ST = 9.41e-14  |gain-closed| = 1.39e-03  tax_A = 0.120170  sigma-check = 2.89e-15
  ph=0.51 P1=0.5 n=14: ST = -1.04e-11  |gain-closed| = 1.28e-04  tax_A = 0.120546  sigma-check = 2.42e-14
  ph=0.51 P1=0.5 n=16: ST = -2.39e-11  |gain-closed| = 3.63e-05  tax_A = 0.120563  sigma-check = 8.18e-14
  [checkpoint: problems/union-closed/data/mitaxsk_partC.json]

==============================================================================
SK-D. Sawin certificates: H(mu), block CR bound, gain sandwich
==============================================================================
  n=  2000: H(mu) = 1927.6997 (002: 1927.7; d009 = 1.28e-10); marg = 0.402269; CR_lb = +66.5794 (d009 = 1.28e-10)
       m_k=1/2 legality (p_k >= 0.2929): True; gain_block = +66.8809 (003: 66.8808578340404); gain-CR_lb = 0.301470 vs H(P) = 0.301470
  n= 20000: H(mu) = 19239.5926 (002: 19239.59; d009 = 1.43e-09); marg = 0.390799; CR_lb = +741.3309 (d009 = 1.43e-09)
       m_k=1/2 legality (p_k >= 0.2929): True; gain_block = +741.4752 (003: 741.4751889199179); gain-CR_lb = 0.144327 vs H(P) = 0.144327
  n= 60000: H(mu) = 57578.9854 (002: 57578.99; d009 = 1.68e-08); marg = 0.382536; CR_lb = +2418.5522 (d009 = 1.68e-08)
       m_k=1/2 legality (p_k >= 0.2929): True; gain_block = +2418.5636 (003: 2418.5636318768957); gain-CR_lb = 0.011423 vs H(P) = 0.011419
  [checkpoint: problems/union-closed/data/mitaxsk_partD.json]

==============================================================================
SK-E. Pure slice: reproduce 009 part E, extend lambda, p, and n
==============================================================================
  E1 reproduce all 42 (n,w0,lam) points: max |diff| = 5.13e-12
  E2 lambda edge n=24 w0=10: CR at lam 3:+0.5586 3.5:+0.5938 4:+0.5945 5:+0.5272 6:+0.4132 8:+0.1834
  E2 lambda edge n=80 w0=34: CR at lam 3:+1.0199 3.5:+1.2927 4:+1.4391 5:+1.4655 6:+1.2896 8:+0.7854
  E3 p edge n=80 w0=34 (p=0.4250): sup CR = +1.4655 at lam 5.0
  E3 p edge n=80 w0=35 (p=0.4375): sup CR = +1.0542 at lam 5.0
  E3 p edge n=80 w0=36 (p=0.4500): sup CR = +0.6910 at lam 6.0
  E3 p edge n=80 w0=38 (p=0.4750): sup CR = +0.0883 at lam 6.0
  E4 p=5/12, lam=3: n= 24 w0= 10  ST = 1.8243  CR = +0.5586  tax_A = 1.0e-13  [0.0s]
  E4 p=5/12, lam=3: n= 48 w0= 20  ST = 2.2263  CR = +0.9873  tax_A = 3.6e-14  [0.0s]
  E4 p=5/12, lam=3: n= 72 w0= 30  ST = 2.4633  CR = +1.3827  tax_A = -2.7e-13  [0.1s]
  E4 p=5/12, lam=3: n= 96 w0= 40  ST = 2.6317  CR = +1.7637  tax_A = -2.7e-12  [0.3s]
  E4 p=5/12, lam=3: n=120 w0= 50  ST = 2.7624  CR = +2.1367  tax_A = -1.1e-11  [0.5s]
  E4 p=5/12, lam=3: n=168 w0= 70  ST = 2.9596  CR = +2.8689  tax_A = -2.2e-11  [1.2s]
  E4 p=5/12, lam=3: n=240 w0=100  ST = 3.1685  CR = +3.9481  tax_A = 1.0e-10  [3.3s]
     fit ST = -0.0334 + 0.4048*log2(n)  rms 0.0010   |   ST = 0.8732 * n^0.2389  rms 0.0373
  E4 p=5/12, lam=1.5: n= 24 w0= 10  ST = 1.8192  CR = +0.1509  tax_A = -4.3e-14  [0.0s]
  E4 p=5/12, lam=1.5: n= 48 w0= 20  ST = 2.1972  CR = +0.0586  tax_A = -7.6e-13  [0.0s]
  E4 p=5/12, lam=1.5: n= 72 w0= 30  ST = 2.4202  CR = -0.0763  tax_A = -1.5e-12  [0.1s]
  E4 p=5/12, lam=1.5: n= 96 w0= 40  ST = 2.5788  CR = -0.2293  tax_A = -9.0e-13  [0.3s]
  E4 p=5/12, lam=1.5: n=120 w0= 50  ST = 2.7020  CR = -0.3925  tax_A = -1.9e-12  [0.5s]
     fit ST = +0.0751 + 0.3802*log2(n)  rms 0.0008   |   ST = 0.8383 * n^0.2463  rms 0.0176
  E4 p=0.425, lam=3: n= 40 w0= 17  ST = 2.1189  CR = +0.6121  tax_A = -9.9e-13  [0.0s]
  E4 p=0.425, lam=3: n= 80 w0= 34  ST = 2.5230  CR = +1.0199  tax_A = -3.6e-12  [0.2s]
  E4 p=0.425, lam=3: n=120 w0= 51  ST = 2.7600  CR = +1.3924  tax_A = -1.4e-11  [0.5s]
  E4 p=0.425, lam=3: n=160 w0= 68  ST = 2.9282  CR = +1.7499  tax_A = 9.0e-12  [1.1s]
  E4 p=0.425, lam=3: n=200 w0= 85  ST = 3.0586  CR = +2.0991  tax_A = 9.4e-12  [2.0s]
     fit ST = -0.0355 + 0.4048*log2(n)  rms 0.0002   |   ST = 0.9185 * n^0.2285  rms 0.0179
  E4 p=0.3833, lam=3: n= 60 w0= 23  ST = 2.3592  CR = +2.6254  tax_A = 2.0e-12  [0.1s]
  E4 p=0.3833, lam=3: n=120 w0= 46  ST = 2.7680  CR = +5.0754  tax_A = -8.6e-12  [0.5s]
  E4 p=0.3833, lam=3: n=180 w0= 69  ST = 3.0074  CR = +7.4908  tax_A = 9.6e-12  [1.5s]
  E4 p=0.3833, lam=3: n=240 w0= 92  ST = 3.1772  CR = +9.8917  tax_A = 8.6e-11  [3.3s]
     fit ST = -0.0569 + 0.4090*log2(n)  rms 0.0001   |   ST = 0.9794 * n^0.2156  rms 0.0132
  [checkpoint: problems/union-closed/data/mitaxsk_partE.json]

==============================================================================
SK-F. UNTESTED CELL: tilt-recipe CR on Sawin gadgets, large n
==============================================================================
  (60,0.4,0.05) lam= 0.1: CR =   -2.6051  gain =   -2.5277  tax_A =  0.0001  ST =   0.0774  resid 8.5e-13  [0s]
  (60,0.4,0.05) lam=0.25: CR =   -2.2882  gain =   -2.2113  tax_A =  0.0007  ST =   0.0769  resid 6.6e-13  [0s]
  (60,0.4,0.05) lam= 0.5: CR =   -1.7909  gain =   -1.7153  tax_A =  0.0033  ST =   0.0756  resid 9.7e-13  [0s]
  (60,0.4,0.05) lam=   1: CR =   -0.9183  gain =   -0.8468  tax_A =  0.0132  ST =   0.0714  resid 5.3e-13  [0s]
  (60,0.4,0.05) lam= 1.5: CR =   -0.2101  gain =   -0.1449  tax_A =  0.0230  ST =   0.0652  resid 6.6e-13  [0s]
  (60,0.4,0.05) lam= 2.5: CR =   +0.7498  gain =   +0.8016  tax_A =  0.0317  ST =   0.0518  resid 5.4e-13  [0s]
  ==> n=60 marg=0.4124: sup_lam CR_tilt = +0.7498 at lam=2.5  (SURVIVES); block CR_lb = +1.4015

  (100,0.4,0.05) lam= 0.1: CR =   -4.3205  gain =   -4.1834  tax_A =  0.0003  ST =   0.1372  resid 7.0e-13  [1s]
  (100,0.4,0.05) lam=0.25: CR =   -3.7945  gain =   -3.6595  tax_A =  0.0022  ST =   0.1350  resid 7.2e-13  [1s]
  (100,0.4,0.05) lam= 0.5: CR =   -2.9691  gain =   -2.8389  tax_A =  0.0105  ST =   0.1302  resid 5.2e-13  [1s]
  (100,0.4,0.05) lam=   1: CR =   -1.5259  gain =   -1.4112  tax_A =  0.0338  ST =   0.1147  resid 8.4e-13  [1s]
  (100,0.4,0.05) lam= 1.5: CR =   -0.3511  gain =   -0.2528  tax_A =  0.0492  ST =   0.0983  resid 9.9e-13  [1s]
  (100,0.4,0.05) lam= 2.5: CR =   +1.2501  gain =   +1.3237  tax_A =  0.0561  ST =   0.0736  resid 6.6e-13  [1s]
  ==> n=100 marg=0.4124: sup_lam CR_tilt = +1.2501 at lam=2.5  (SURVIVES); block CR_lb = +2.4733

  (200,0.4,0.05) lam= 0.1: CR =   -8.5994  gain =   -8.3882  tax_A =  0.0012  ST =   0.2111  resid 9.8e-13  [8s]
  (200,0.4,0.05) lam=0.25: CR =   -7.5483  gain =   -7.3440  tax_A =  0.0107  ST =   0.2043  resid 9.9e-13  [8s]
  (200,0.4,0.05) lam= 0.5: CR =   -5.9152  gain =   -5.7325  tax_A =  0.0405  ST =   0.1827  resid 6.2e-13  [8s]
  (200,0.4,0.05) lam=   1: CR =   -3.0469  gain =   -2.9124  tax_A =  0.0815  ST =   0.1345  resid 8.0e-13  [7s]
  (200,0.4,0.05) lam= 1.5: CR =   -0.6868  gain =   -0.5793  tax_A =  0.0914  ST =   0.1075  resid 6.0e-13  [7s]
  (200,0.4,0.05) lam= 2.5: CR =   +2.5315  gain =   +2.6120  tax_A =  0.0820  ST =   0.0805  resid 7.9e-13  [6s]
  (200,0.4,0.05) lam= 3.5: CR =   +4.0550  gain =   +4.1182  tax_A =  0.0657  ST =   0.0632  resid 6.4e-13  [6s]
  ==> n=200 marg=0.4124: sup_lam CR_tilt = +4.0550 at lam=3.5  (SURVIVES); block CR_lb = +5.2195

  (100,0.3823,0.02) lam= 0.1: CR =   -0.4853  gain =   -0.4224  tax_A =  0.0001  ST =   0.0629  resid 7.7e-13  [1s]
  (100,0.3823,0.02) lam=0.25: CR =   -0.0833  gain =   -0.0212  tax_A =  0.0005  ST =   0.0621  resid 5.0e-13  [1s]
  (100,0.3823,0.02) lam= 0.5: CR =   +0.5410  gain =   +0.6012  tax_A =  0.0025  ST =   0.0602  resid 8.0e-13  [1s]
  (100,0.3823,0.02) lam=   1: CR =   +1.6109  gain =   +1.6647  tax_A =  0.0110  ST =   0.0537  resid 5.2e-13  [1s]
  (100,0.3823,0.02) lam= 1.5: CR =   +2.4420  gain =   +2.4881  tax_A =  0.0188  ST =   0.0460  resid 5.0e-13  [1s]
  (100,0.3823,0.02) lam= 2.5: CR =   +3.4324  gain =   +3.4666  tax_A =  0.0240  ST =   0.0342  resid 8.6e-13  [1s]
  ==> n=100 marg=0.3871: sup_lam CR_tilt = +3.4324 at lam=2.5  (SURVIVES); block CR_lb = +3.8182

  (200,0.3823,0.02) lam=0.25: CR =   -0.1558  gain =   -0.0540  tax_A =  0.0024  ST =   0.1018  resid 7.9e-13  [8s]
  (200,0.3823,0.02) lam=   1: CR =   +3.2066  gain =   +3.2740  tax_A =  0.0347  ST =   0.0674  resid 6.0e-13  [7s]
  (200,0.3823,0.02) lam= 2.5: CR =   +6.8709  gain =   +6.9092  tax_A =  0.0389  ST =   0.0383  resid 7.0e-13  [6s]
  ==> n=200 marg=0.3871: sup_lam CR_tilt = +6.8709 at lam=2.5  (SURVIVES); block CR_lb = +7.7648

  (300,0.3823,0.02) lam=0.25: CR =   -0.2347  gain =   -0.1236  tax_A =  0.0067  ST =   0.1111  resid 5.6e-13  [24s]
  (300,0.3823,0.02) lam=   1: CR =   +4.8050  gain =   +4.8633  tax_A =  0.0494  ST =   0.0583  resid 7.2e-13  [21s]
  (300,0.3823,0.02) lam= 2.5: CR =  +10.3203  gain =  +10.3574  tax_A =  0.0419  ST =   0.0371  resid 8.9e-13  [17s]
  (300,0.3823,0.02) lam= 3.5: CR =  +11.0830  gain =  +11.1128  tax_A =  0.0328  ST =   0.0298  resid 6.0e-13  [17s]
  ==> n=300 marg=0.3871: sup_lam CR_tilt = +11.0830 at lam=3.5  (SURVIVES); block CR_lb = +11.7186

  [checkpoint: problems/union-closed/data/mitaxsk_partF.json]

[total time: 220.8s]
