== part O: orbit family census ==
[O] n=10: 140 instances (110 in-regime), aggregate violations: 0; min in-regime aggregate = -0.000000 at bern_p3823 lam=3.5 (i* = 9, min per-i excess -0.0000); max resid 1.0e-11, max |M_n - lam| 2.1e-14; 1s
[O] n=14: 140 instances (110 in-regime), aggregate violations: 0; min in-regime aggregate = -0.000000 at bern_p3823 lam=3.5 (i* = 12, min per-i excess -0.0000); max resid 1.0e-11, max |M_n - lam| 4.9e-14; 4s
[O] n=20: 140 instances (110 in-regime), aggregate violations: 0; min in-regime aggregate = -0.000000 at bern_p3823 lam=5 (i* = 16, min per-i excess -0.0000); max resid 1.0e-11, max |M_n - lam| 6.0e-14; 14s
[O] n=24: 140 instances (110 in-regime), aggregate violations: 0; min in-regime aggregate = -0.000000 at bern_p3823 lam=3.5 (i* = 23, min per-i excess -0.0000); max resid 9.7e-12, max |M_n - lam| 5.2e-14; 21s
[O] n=28: 140 instances (110 in-regime), aggregate violations: 0; min in-regime aggregate = -0.000000 at bern_p3823 lam=3.5 (i* = 27, min per-i excess -0.0000); max resid 9.9e-12, max |M_n - lam| 6.2e-14; 39s
[O] n=32: 140 instances (110 in-regime), aggregate violations: 0; min in-regime aggregate = -0.000000 at bern_p30 lam=5 (i* = 30, min per-i excess -0.0000); max resid 9.9e-12, max |M_n - lam| 1.4e-13; 67s
done in 146s; checkpoints in /home/user/math-lab/problems/union-closed/data
== part P: perturbative d-sweep around product boundary ==
[P] n=10 p=0.3823 dir=crash  lam=0.084064: agg(d) = 0.005:+6.40e-06 0.01:+2.42e-05 0.02:+8.99e-05 0.05:+4.89e-04 0.1:+1.69e-03 0.2:+5.64e-03  order~d^1.92
[P] n=10 p=0.3823 dir=crash  lam=0.5: agg(d) = 0.005:+4.42e-05 0.01:+1.66e-04 0.02:+6.12e-04 0.05:+3.28e-03 0.1:+1.12e-02 0.2:+3.66e-02  order~d^1.91
[P] n=10 p=0.3823 dir=crash  lam=0.692429: agg(d) = 0.005:+6.72e-05 0.01:+2.52e-04 0.02:+9.20e-04 0.05:+4.87e-03 0.1:+1.63e-02 0.2:+5.23e-02  order~d^1.90
[P] n=10 p=0.3823 dir=empty  lam=0.084064: agg(d) = 0.005:+4.06e-06 0.01:+1.58e-05 0.02:+6.00e-05 0.05:+3.38e-04 0.1:+1.20e-03 0.2:+4.10e-03  order~d^1.96
[P] n=10 p=0.3823 dir=empty  lam=0.5: agg(d) = 0.005:+2.99e-05 0.01:+1.16e-04 0.02:+4.36e-04 0.05:+2.41e-03 0.1:+8.33e-03 0.2:+2.74e-02  order~d^1.95
[P] n=10 p=0.3823 dir=empty  lam=0.692429: agg(d) = 0.005:+4.55e-05 0.01:+1.75e-04 0.02:+6.58e-04 0.05:+3.59e-03 0.1:+1.23e-02 0.2:+3.97e-02  order~d^1.94
[P] n=10 p=0.3823 dir=full   lam=0.084064: agg(d) = 0.005:+2.26e-05 0.01:+8.15e-05 0.02:+2.86e-04 0.05:+1.42e-03 0.1:+4.55e-03 0.2:+1.37e-02  order~d^1.85
[P] n=10 p=0.3823 dir=full   lam=0.5: agg(d) = 0.005:+2.28e-04 0.01:+8.04e-04 0.02:+2.73e-03 0.05:+1.27e-02 0.1:+3.75e-02 0.2:+1.03e-01  order~d^1.82
[P] n=10 p=0.3823 dir=full   lam=0.692429: agg(d) = 0.005:+3.98e-04 0.01:+1.39e-03 0.02:+4.61e-03 0.05:+2.05e-02 0.1:+5.80e-02 0.2:+1.52e-01  order~d^1.80
[P] n=10 p=0.3823 dir=slice  lam=0.084064: agg(d) = 0.005:+5.56e-08 0.01:+2.24e-07 0.02:+9.15e-07 0.05:+6.05e-06 0.1:+2.65e-05 0.2:+1.26e-04  order~d^2.01
[P] n=10 p=0.3823 dir=slice  lam=0.5: agg(d) = 0.005:+4.29e-07 0.01:+1.73e-06 0.02:+7.01e-06 0.05:+4.57e-05 0.1:+1.96e-04 0.2:+9.01e-04  order~d^2.01
[P] n=10 p=0.3823 dir=slice  lam=0.692429: agg(d) = 0.005:+6.56e-07 0.01:+2.64e-06 0.02:+1.07e-05 0.05:+6.94e-05 0.1:+2.96e-04 0.2:+1.34e-03  order~d^2.01
[P] n=10 p=0.3 dir=crash  lam=0.084064: agg(d) = 0.005:+7.74e-06 0.01:+2.87e-05 0.02:+1.04e-04 0.05:+5.49e-04 0.1:+1.85e-03 0.2:+5.96e-03  order~d^1.89
[P] n=10 p=0.3 dir=crash  lam=0.5: agg(d) = 0.005:+6.27e-05 0.01:+2.29e-04 0.02:+8.15e-04 0.05:+4.15e-03 0.1:+1.35e-02 0.2:+4.14e-02  order~d^1.87
[P] n=10 p=0.3 dir=crash  lam=0.692429: agg(d) = 0.005:+1.03e-04 0.01:+3.72e-04 0.02:+1.31e-03 0.05:+6.48e-03 0.1:+2.04e-02 0.2:+6.05e-02  order~d^1.85
[P] n=10 p=0.3 dir=empty  lam=0.084064: agg(d) = 0.005:+1.96e-06 0.01:+7.74e-06 0.02:+3.02e-05 0.05:+1.77e-04 0.1:+6.53e-04 0.2:+2.32e-03  order~d^1.98
[P] n=10 p=0.3 dir=empty  lam=0.5: agg(d) = 0.005:+1.36e-05 0.01:+5.33e-05 0.02:+2.07e-04 0.05:+1.20e-03 0.1:+4.37e-03 0.2:+1.52e-02  order~d^1.98
[P] n=10 p=0.3 dir=empty  lam=0.692429: agg(d) = 0.005:+2.00e-05 0.01:+7.87e-05 0.02:+3.05e-04 0.05:+1.76e-03 0.1:+6.34e-03 0.2:+2.19e-02  order~d^1.97
[P] n=10 p=0.3 dir=full   lam=0.084064: agg(d) = 0.005:+4.02e-05 0.01:+1.41e-04 0.02:+4.82e-04 0.05:+2.29e-03 0.1:+6.96e-03 0.2:+1.98e-02  order~d^1.81
[P] n=10 p=0.3 dir=full   lam=0.5: agg(d) = 0.005:+4.70e-04 0.01:+1.61e-03 0.02:+5.22e-03 0.05:+2.24e-02 0.1:+6.13e-02 0.2:+1.54e-01  order~d^1.77
[P] n=10 p=0.3 dir=full   lam=0.692429: agg(d) = 0.005:+8.79e-04 0.01:+2.93e-03 0.02:+9.18e-03 0.05:+3.69e-02 0.1:+9.55e-02 0.2:+2.29e-01  order~d^1.74
[P] n=10 p=0.3 dir=slice  lam=0.084064: agg(d) = 0.005:+1.31e-07 0.01:+5.26e-07 0.02:+2.12e-06 0.05:+1.35e-05 0.1:+5.61e-05 0.2:+2.41e-04  order~d^2.00
[P] n=10 p=0.3 dir=slice  lam=0.5: agg(d) = 0.005:+8.07e-07 0.01:+3.24e-06 0.02:+1.30e-05 0.05:+8.33e-05 0.1:+3.45e-04 0.2:+1.48e-03  order~d^2.00
[P] n=10 p=0.3 dir=slice  lam=0.692429: agg(d) = 0.005:+1.13e-06 0.01:+4.55e-06 0.02:+1.83e-05 0.05:+1.17e-04 0.1:+4.85e-04 0.2:+2.08e-03  order~d^2.00
[P] n=20 p=0.3823 dir=crash  lam=0.084064: agg(d) = 0.005:+1.17e-05 0.01:+4.31e-05 0.02:+1.57e-04 0.05:+8.51e-04 0.1:+2.98e-03 0.2:+1.03e-02  order~d^1.89
[P] n=20 p=0.3823 dir=crash  lam=0.285118: agg(d) = 0.005:+4.89e-05 0.01:+1.80e-04 0.02:+6.55e-04 0.05:+3.49e-03 0.1:+1.20e-02 0.2:+3.97e-02  order~d^1.88
[P] n=20 p=0.3823 dir=crash  lam=0.5: agg(d) = 0.005:+1.26e-04 0.01:+4.59e-04 0.02:+1.64e-03 0.05:+8.32e-03 0.1:+2.69e-02 0.2:+8.23e-02  order~d^1.87
[P] n=20 p=0.3823 dir=empty  lam=0.084064: agg(d) = 0.005:+7.40e-06 0.01:+2.79e-05 0.02:+1.04e-04 0.05:+5.76e-04 0.1:+2.06e-03 0.2:+7.18e-03  order~d^1.91
[P] n=20 p=0.3823 dir=empty  lam=0.285118: agg(d) = 0.005:+3.18e-05 0.01:+1.20e-04 0.02:+4.43e-04 0.05:+2.42e-03 0.1:+8.42e-03 0.2:+2.82e-02  order~d^1.91
[P] n=20 p=0.3823 dir=empty  lam=0.5: agg(d) = 0.005:+7.21e-05 0.01:+2.70e-04 0.02:+9.89e-04 0.05:+5.27e-03 0.1:+1.77e-02 0.2:+5.67e-02  order~d^1.90
[P] n=20 p=0.3823 dir=full   lam=0.084064: agg(d) = 0.005:+3.45e-05 0.01:+1.24e-04 0.02:+4.38e-04 0.05:+2.23e-03 0.1:+7.34e-03 0.2:+2.32e-02  order~d^1.85
[P] n=20 p=0.3823 dir=full   lam=0.285118: agg(d) = 0.005:+2.17e-04 0.01:+7.71e-04 0.02:+2.66e-03 0.05:+1.27e-02 0.1:+3.82e-02 0.2:+1.08e-01  order~d^1.83
[P] n=20 p=0.3823 dir=full   lam=0.5: agg(d) = 0.005:+7.37e-04 0.01:+2.53e-03 0.02:+8.17e-03 0.05:+3.43e-02 0.1:+9.24e-02 0.2:+2.33e-01  order~d^1.78
[P] n=20 p=0.3823 dir=slice  lam=0.084064: agg(d) = 0.005:+4.61e-08 0.01:+1.86e-07 0.02:+7.54e-07 0.05:+4.94e-06 0.1:+2.14e-05 0.2:+9.99e-05  order~d^2.01
[P] n=20 p=0.3823 dir=slice  lam=0.285118: agg(d) = 0.005:+1.62e-07 0.01:+6.51e-07 0.02:+2.64e-06 0.05:+1.73e-05 0.1:+7.46e-05 0.2:+3.47e-04  order~d^2.01
[P] n=20 p=0.3823 dir=slice  lam=0.5: agg(d) = 0.005:+2.93e-07 0.01:+1.18e-06 0.02:+4.79e-06 0.05:+3.12e-05 0.1:+1.35e-04 0.2:+6.25e-04  order~d^2.01
[P] n=20 p=0.3 dir=crash  lam=0.084064: agg(d) = 0.005:+1.34e-05 0.01:+4.90e-05 0.02:+1.77e-04 0.05:+9.34e-04 0.1:+3.20e-03 0.2:+1.07e-02  order~d^1.87
[P] n=20 p=0.3 dir=crash  lam=0.285118: agg(d) = 0.005:+6.98e-05 0.01:+2.53e-04 0.02:+8.95e-04 0.05:+4.56e-03 0.1:+1.49e-02 0.2:+4.61e-02  order~d^1.86
[P] n=20 p=0.3 dir=crash  lam=0.5: agg(d) = 0.005:+2.32e-04 0.01:+8.18e-04 0.02:+2.76e-03 0.05:+1.26e-02 0.1:+3.69e-02 0.2:+1.01e-01  order~d^1.82
[P] n=20 p=0.3 dir=empty  lam=0.084064: agg(d) = 0.005:+3.82e-06 0.01:+1.47e-05 0.02:+5.58e-05 0.05:+3.18e-04 0.1:+1.17e-03 0.2:+4.18e-03  order~d^1.94
[P] n=20 p=0.3 dir=empty  lam=0.285118: agg(d) = 0.005:+1.52e-05 0.01:+5.82e-05 0.02:+2.20e-04 0.05:+1.24e-03 0.1:+4.48e-03 0.2:+1.57e-02  order~d^1.94
[P] n=20 p=0.3 dir=empty  lam=0.5: agg(d) = 0.005:+3.15e-05 0.01:+1.20e-04 0.02:+4.53e-04 0.05:+2.52e-03 0.1:+8.93e-03 0.2:+3.04e-02  order~d^1.93
[P] n=20 p=0.3 dir=full   lam=0.084064: agg(d) = 0.005:+5.94e-05 0.01:+2.09e-04 0.02:+7.21e-04 0.05:+3.51e-03 0.1:+1.10e-02 0.2:+3.31e-02  order~d^1.82
[P] n=20 p=0.3 dir=full   lam=0.285118: agg(d) = 0.005:+4.45e-04 0.01:+1.53e-03 0.02:+5.06e-03 0.05:+2.22e-02 0.1:+6.20e-02 0.2:+1.61e-01  order~d^1.79
[P] n=20 p=0.3 dir=full   lam=0.5: agg(d) = 0.005:+1.79e-03 0.01:+5.70e-03 0.02:+1.68e-02 0.05:+6.14e-02 0.1:+1.50e-01 0.2:+3.49e-01  order~d^1.67
[P] n=20 p=0.3 dir=slice  lam=0.084064: agg(d) = 0.005:+4.39e-08 0.01:+1.77e-07 0.02:+7.21e-07 0.05:+4.75e-06 0.1:+2.07e-05 0.2:+9.81e-05  order~d^2.01
[P] n=20 p=0.3 dir=slice  lam=0.285118: agg(d) = 0.005:+1.55e-07 0.01:+6.25e-07 0.02:+2.54e-06 0.05:+1.67e-05 0.1:+7.25e-05 0.2:+3.42e-04  order~d^2.01
[P] n=20 p=0.3 dir=slice  lam=0.5: agg(d) = 0.005:+2.84e-07 0.01:+1.14e-06 0.02:+4.64e-06 0.05:+3.04e-05 0.1:+1.32e-04 0.2:+6.16e-04  order~d^2.01
[P] n=32 p=0.3823 dir=crash  lam=0.084064: agg(d) = 0.005:+1.63e-05 0.01:+6.08e-05 0.02:+2.24e-04 0.05:+1.23e-03 0.1:+4.42e-03 0.2:+1.56e-02  order~d^1.89
[P] n=32 p=0.3823 dir=crash  lam=0.167138: agg(d) = 0.005:+3.90e-05 0.01:+1.45e-04 0.02:+5.34e-04 0.05:+2.92e-03 0.1:+1.03e-02 0.2:+3.52e-02  order~d^1.90
[P] n=32 p=0.3823 dir=crash  lam=0.5: agg(d) = 0.005:+4.59e-04 0.01:+1.60e-03 0.02:+5.29e-03 0.05:+2.30e-02 0.1:+6.49e-02 0.2:+1.74e-01  order~d^1.81
[P] n=32 p=0.3823 dir=empty  lam=0.084064: agg(d) = 0.005:+1.08e-05 0.01:+4.06e-05 0.02:+1.52e-04 0.05:+8.57e-04 0.1:+3.11e-03 0.2:+1.10e-02  order~d^1.92
[P] n=32 p=0.3823 dir=empty  lam=0.167138: agg(d) = 0.005:+2.54e-05 0.01:+9.60e-05 0.02:+3.59e-04 0.05:+2.00e-03 0.1:+7.13e-03 0.2:+2.45e-02  order~d^1.92
[P] n=32 p=0.3823 dir=empty  lam=0.5: agg(d) = 0.005:+1.56e-04 0.01:+5.83e-04 0.02:+2.12e-03 0.05:+1.09e-02 0.1:+3.52e-02 0.2:+1.05e-01  order~d^1.91
[P] n=32 p=0.3823 dir=full   lam=0.084064: agg(d) = 0.005:+5.10e-05 0.01:+1.86e-04 0.02:+6.67e-04 0.05:+3.47e-03 0.1:+1.16e-02 0.2:+3.71e-02  order~d^1.87
[P] n=32 p=0.3823 dir=full   lam=0.167138: agg(d) = 0.005:+1.61e-04 0.01:+5.85e-04 0.02:+2.06e-03 0.05:+1.02e-02 0.1:+3.20e-02 0.2:+9.35e-02  order~d^1.86
[P] n=32 p=0.3823 dir=full   lam=0.5: agg(d) = 0.005:+2.86e-03 0.01:+8.67e-03 0.02:+2.42e-02 0.05:+8.31e-02 0.1:+1.97e-01 0.2:+4.50e-01  order~d^1.60
[P] n=32 p=0.3823 dir=slice  lam=0.084064: agg(d) = 0.005:+3.43e-08 0.01:+1.38e-07 0.02:+5.62e-07 0.05:+3.68e-06 0.1:+1.59e-05 0.2:+7.46e-05  order~d^2.01
[P] n=32 p=0.3823 dir=slice  lam=0.167138: agg(d) = 0.005:+6.85e-08 0.01:+2.76e-07 0.02:+1.12e-06 0.05:+7.33e-06 0.1:+3.17e-05 0.2:+1.49e-04  order~d^2.01
[P] n=32 p=0.3823 dir=slice  lam=0.5: agg(d) = 0.005:+2.07e-07 0.01:+8.35e-07 0.02:+3.39e-06 0.05:+2.22e-05 0.1:+9.60e-05 0.2:+4.51e-04  order~d^2.01
[P] n=32 p=0.3 dir=crash  lam=0.084064: agg(d) = 0.005:+1.93e-05 0.01:+7.10e-05 0.02:+2.58e-04 0.05:+1.39e-03 0.1:+4.86e-03 0.2:+1.66e-02  order~d^1.88
[P] n=32 p=0.3 dir=crash  lam=0.167138: agg(d) = 0.005:+5.45e-05 0.01:+2.00e-04 0.02:+7.21e-04 0.05:+3.78e-03 0.1:+1.27e-02 0.2:+4.09e-02  order~d^1.87
[P] n=32 p=0.3 dir=crash  lam=0.5: agg(d) = 0.005:+1.19e-03 0.01:+3.67e-03 0.02:+1.04e-02 0.05:+3.69e-02 0.1:+9.03e-02 0.2:+2.15e-01  order~d^1.62
[P] n=32 p=0.3 dir=empty  lam=0.084064: agg(d) = 0.005:+5.69e-06 0.01:+2.18e-05 0.02:+8.25e-05 0.05:+4.74e-04 0.1:+1.75e-03 0.2:+6.36e-03  order~d^1.93
[P] n=32 p=0.3 dir=empty  lam=0.167138: agg(d) = 0.005:+1.26e-05 0.01:+4.82e-05 0.02:+1.83e-04 0.05:+1.04e-03 0.1:+3.82e-03 0.2:+1.36e-02  order~d^1.93
[P] n=32 p=0.3 dir=empty  lam=0.5: agg(d) = 0.005:+5.89e-05 0.01:+2.25e-04 0.02:+8.43e-04 0.05:+4.65e-03 0.1:+1.62e-02 0.2:+5.32e-02  order~d^1.93
[P] n=32 p=0.3 dir=full   lam=0.084064: agg(d) = 0.005:+8.90e-05 0.01:+3.18e-04 0.02:+1.11e-03 0.05:+5.54e-03 0.1:+1.77e-02 0.2:+5.34e-02  order~d^1.84
[P] n=32 p=0.3 dir=full   lam=0.167138: agg(d) = 0.005:+3.21e-04 0.01:+1.13e-03 0.02:+3.84e-03 0.05:+1.77e-02 0.1:+5.15e-02 0.2:+1.40e-01  order~d^1.82
[P] n=32 p=0.3 dir=full   lam=0.5: agg(d) = 0.005:+7.22e-03 0.01:+1.89e-02 0.02:+4.60e-02 0.05:+1.37e-01 0.1:+3.01e-01 0.2:+6.45e-01  order~d^1.39
[P] n=32 p=0.3 dir=slice  lam=0.084064: agg(d) = 0.005:+4.23e-09 0.01:+1.76e-08 0.02:+7.66e-08 0.05:+6.16e-07 0.1:+3.61e-06 0.2:+2.64e-05  order~d^2.06
[P] n=32 p=0.3 dir=slice  lam=0.167138: agg(d) = 0.005:+1.08e-08 0.01:+4.47e-08 0.02:+1.91e-07 0.05:+1.46e-06 0.1:+8.14e-06 0.2:+5.61e-05  order~d^2.05
[P] n=32 p=0.3 dir=slice  lam=0.5: agg(d) = 0.005:+6.24e-08 0.01:+2.54e-07 0.02:+1.05e-06 0.05:+7.37e-06 0.1:+3.62e-05 0.2:+2.14e-04  order~d^2.02
[P] 432 instances (369 in-regime); negative aggregates: 0; min in-regime aggregate = +4.229e-09 at n=32 mixdir_slice_p0.3 d=0.005 lam=0.084064
done in 76s; checkpoints in /home/user/math-lab/problems/union-closed/data
== part T: margin trend past n = 32 ==
[T] n=32: mixdir_slice_p0.3_d0.05@0.084:+6.150e-07  mixdir_slice_p0.3_d0.05@0.5:+7.370e-06  mixdir_slice_matched_p0.3_d0.05@0.084:+3.763e-06  mixdir_slice_p0.3823_d0.05@0.084:+3.674e-06  mixdir_slice_matched_p0.3823_d0.05@0.084:+3.674e-06  mixdir_crash_p0.3823_d0.05@0.084:+1.233e-03  mixdir_crash_p0.3823_d0.05@0.167138:+2.916e-03  crashmix_383_05@0.084064:+1.234e-03
[T] n=40: mixdir_slice_p0.3_d0.05@0.084:+2.217e-07  mixdir_slice_p0.3_d0.05@0.5:+4.621e-06  mixdir_slice_matched_p0.3_d0.05@0.084:+2.982e-06  mixdir_slice_p0.3823_d0.05@0.084:+2.908e-06  mixdir_slice_matched_p0.3823_d0.05@0.084:+2.908e-06  mixdir_crash_p0.3823_d0.05@0.084:+1.514e-03  mixdir_crash_p0.3823_d0.05@0.131:+2.721e-03  crashmix_383_05@0.084064:+1.514e-03
[T] n=48: mixdir_slice_p0.3_d0.05@0.084:+1.408e-07  mixdir_slice_p0.3_d0.05@0.5:+3.747e-06  mixdir_slice_matched_p0.3_d0.05@0.084:+2.334e-06  mixdir_slice_p0.3823_d0.05@0.084:+2.406e-06  mixdir_slice_matched_p0.3823_d0.05@0.084:+2.406e-06  mixdir_crash_p0.3823_d0.05@0.084:+1.834e-03  mixdir_crash_p0.3823_d0.05@0.107711:+2.591e-03  crashmix_383_05@0.084064:+1.834e-03
[T] n=56: mixdir_slice_p0.3_d0.05@0.084:+2.330e-07  mixdir_slice_p0.3_d0.05@0.5:+3.929e-06  mixdir_slice_matched_p0.3_d0.05@0.084:+2.129e-06  mixdir_slice_p0.3823_d0.05@0.084:+2.051e-06  mixdir_slice_matched_p0.3823_d0.05@0.084:+2.051e-06  mixdir_crash_p0.3823_d0.05@0.084:+2.205e-03  mixdir_crash_p0.3823_d0.05@0.091453:+2.497e-03  crashmix_383_05@0.084064:+2.205e-03
[T] n=64: mixdir_slice_p0.3_d0.05@0.084:+4.305e-07  mixdir_slice_p0.3_d0.05@0.5:+4.768e-06  mixdir_slice_matched_p0.3_d0.05@0.084:+1.818e-06  mixdir_slice_p0.3823_d0.05@0.084:+1.787e-06  mixdir_slice_matched_p0.3823_d0.05@0.084:+1.787e-06  mixdir_crash_p0.3823_d0.05@0.084:+2.642e-03  mixdir_crash_p0.3823_d0.05@0.079459:+2.427e-03  crashmix_383_05@0.084064:+2.642e-03
[T] negative in-regime aggregates: 0
== part H: adversarial hill-climbs on the aggregate ==
[H] 82 climb endpoints; in-regime aggregate violations: 0; five lowest in-regime endpoints: +0.00560 +0.00700 +0.00882 +0.00932 +0.00977
[H] lowest in-regime endpoint: +0.005602 (small_lam n=10 lam=0.084, 25 atoms)
done in 208s; checkpoints in /home/user/math-lab/problems/union-closed/data
== part X: engine cross-checks ==
[X1] witness n=7 lam=3.5: M_5 - lam = -0.122033 (007: -0.122033), aggregate = +1.844754 (007: +1.84), max marginal = 0.3178 (007: 0.3178)
[X1] exact aggregate at t=181/16 in [+1.844669005, +1.844669005] (013: +1.844669), width 2.7e-15
[X2] orbit vs direct, slice_w2 n=6: max |diff| = 1.55e-15 (resids 2.2e-16/2.8e-17)
[X2] orbit vs direct, sawin_geo_a n=6: max |diff| = 2.77e-13 (resids 7.7e-12/9.9e-14)
[X2] orbit vs direct, crash_eps2 n=6: max |diff| = 7.95e-13 (resids 6.9e-12/5.9e-14)
[X2] orbit vs direct, d0bern_30_51 n=7: max |diff| = 3.43e-13 (resids 7.1e-12/6.7e-14)
[X3] exact vs float orbit rows (partE_mix n=8): float +0.021228885, exact [+0.021228885, +0.021228885], diff 7.9e-15
[X] ALL PASS
== part E: exact rational certification ==
[E] witness_n10_wdil16 (sparse, n=10, t=181/16): aggregate in [+1.709542464, +1.709542464] -> positive; exact max marginal 0.270498 < 0.38271; 0.0s
[E] witness_n14_wdil16 (sparse, n=14, t=181/16): aggregate in [+1.474040147, +1.474040147] -> positive; exact max marginal 0.196720 < 0.38271; 0.0s
[E] witness_n20_wdil20 (sparse, n=20, t=181/16): aggregate in [+1.162947590, +1.162947590] -> positive; exact max marginal 0.104401 < 0.38271; 0.0s
[E] witness_n24_wdil20 (sparse, n=24, t=181/16): aggregate in [+1.013509091, +1.013509091] -> positive; exact max marginal 0.084848 < 0.38271; 0.1s
[E] witness_n28_wdil20 (sparse, n=28, t=181/16): aggregate in [+0.896763710, +0.896763710] -> positive; exact max marginal 0.071167 < 0.38271; 0.1s
[E] witness_n32_wdil20 (sparse, n=32, t=181/16): aggregate in [+0.803594797, +0.803594797] -> positive; exact max marginal 0.061118 < 0.38271; 0.1s
[E] witness_n20_t4_lam2exact (sparse, n=20, t=4/1): aggregate in [+0.904942086, +0.904942086] -> positive; exact max marginal 0.463729 >= 0.38271; 0.0s
[E] crashmix_383_05_n10 (orbit, n=10, lam~0.082149): aggregate in [+0.000476924, +0.000476924] -> positive; exact max marginal 0.382350; resid 5.6e-12; 0.6s
[E] crashmix_383_05_n14 (orbit, n=14, lam~0.082149): aggregate in [+0.000634269, +0.000634269] -> positive; exact max marginal 0.382350; resid 5.3e-12; 2.1s
[E] crashmix_383_05_n20 (orbit, n=20, lam~0.082149): aggregate in [+0.000829968, +0.000829968] -> positive; exact max marginal 0.382350; resid 8.7e-12; 7.7s
[E] crashmix_383_05_n24 (orbit, n=24, lam~0.082149): aggregate in [+0.000952638, +0.000952638] -> positive; exact max marginal 0.382350; resid 5.4e-12; 15.5s
[E] crashmix_383_05_n28 (orbit, n=28, lam~0.082149): aggregate in [+0.001075588, +0.001075588] -> positive; exact max marginal 0.382350; resid 6.3e-12; 25.3s
[E] crashmix_383_05_n32 (orbit, n=32, lam~0.082149): aggregate in [+0.001201865, +0.001201865] -> positive; exact max marginal 0.382350; resid 7.0e-12; 41.3s
[E] mixdir_slice_p0.3_d0.05_n20 (orbit, n=20, lam~0.082149): aggregate in [+0.000004637, +0.000004637] -> positive; exact max marginal 0.302500; resid 7.3e-12; 3.4s
[E] mixdir_slice_p0.3_d0.05_n32 (orbit, n=32, lam~0.082149): aggregate in [+0.000000599, +0.000000599] -> positive; exact max marginal 0.303750; resid 5.7e-12; 18.8s
done in 116s; checkpoints in /home/user/math-lab/problems/union-closed/data
== part E: exact rational certification ==
[E] witness_n10_wdil16 (sparse, n=10, t=181/16): aggregate in [+1.709542464, +1.709542464] -> positive; exact max marginal 0.270498 < 0.38271; 0.0s
[E] witness_n14_wdil16 (sparse, n=14, t=181/16): aggregate in [+1.474040147, +1.474040147] -> positive; exact max marginal 0.196720 < 0.38271; 0.0s
[E] witness_n20_wdil20 (sparse, n=20, t=181/16): aggregate in [+1.162947590, +1.162947590] -> positive; exact max marginal 0.104401 < 0.38271; 0.0s
[E] witness_n24_wdil20 (sparse, n=24, t=181/16): aggregate in [+1.013509091, +1.013509091] -> positive; exact max marginal 0.084848 < 0.38271; 0.1s
[E] witness_n28_wdil20 (sparse, n=28, t=181/16): aggregate in [+0.896763710, +0.896763710] -> positive; exact max marginal 0.071167 < 0.38271; 0.1s
[E] witness_n32_wdil20 (sparse, n=32, t=181/16): aggregate in [+0.803594797, +0.803594797] -> positive; exact max marginal 0.061118 < 0.38271; 0.1s
[E] witness_n20_t4_lam2exact (sparse, n=20, t=4/1): aggregate in [+0.483059569, +0.483059569] -> positive; exact max marginal 0.091560 < 0.38271; 0.0s
[E] crashmix_383_05_n10 (orbit, n=10, lam~0.082149): aggregate in [+0.000476924, +0.000476924] -> positive; exact max marginal 0.382350; resid 5.6e-12; 0.6s
[E] crashmix_383_05_n14 (orbit, n=14, lam~0.082149): aggregate in [+0.000634269, +0.000634269] -> positive; exact max marginal 0.382350; resid 5.3e-12; 2.1s
[E] crashmix_383_05_n20 (orbit, n=20, lam~0.082149): aggregate in [+0.000829968, +0.000829968] -> positive; exact max marginal 0.382350; resid 8.7e-12; 7.6s
[E] crashmix_383_05_n24 (orbit, n=24, lam~0.082149): aggregate in [+0.000952638, +0.000952638] -> positive; exact max marginal 0.382350; resid 5.4e-12; 14.3s
[E] crashmix_383_05_n28 (orbit, n=28, lam~0.082149): aggregate in [+0.001075588, +0.001075588] -> positive; exact max marginal 0.382350; resid 6.3e-12; 25.0s
[E] crashmix_383_05_n32 (orbit, n=32, lam~0.082149): aggregate in [+0.001201865, +0.001201865] -> positive; exact max marginal 0.382350; resid 7.0e-12; 39.4s
[E] mixdir_slice_p0.3_d0.05_n20 (orbit, n=20, lam~0.082149): aggregate in [+0.000004637, +0.000004637] -> positive; exact max marginal 0.302500; resid 7.3e-12; 3.4s
[E] mixdir_slice_p0.3_d0.05_n32 (orbit, n=32, lam~0.082149): aggregate in [+0.000000599, +0.000000599] -> positive; exact max marginal 0.303750; resid 5.7e-12; 20.0s
done in 113s; checkpoints in /home/user/math-lab/problems/union-closed/data
