# attempt 024: uc_cr_attack.py re-runs (fresh session, Python 3.11.15)
# run 1: default PYTHONHASHSEED (randomized string hash)
[     2s] windowkill   n=4: best sup_lam CR +1.221809e-01 (gain +1.2542e-01, H 1.973, mf 0.383, 5 atoms)
[     4s] windowkill_n6 n=6: best sup_lam CR +6.969450e-02 (gain +8.0571e-02, H 1.867, mf 0.383, 4 atoms)
[     7s] mmabskill    n=5: best sup_lam CR +1.198737e-01 (gain +4.6355e-01, H 2.337, mf 0.383, 7 atoms)
[    10s] mmabskill_n6 n=6: best sup_lam CR +2.362286e-01 (gain +6.1469e-01, H 2.701, mf 0.383, 8 atoms)
[    14s] random0      n=4: best sup_lam CR +2.424240e-01 (gain +5.1443e-01, H 2.645, mf 0.382, 9 atoms)
[    20s] random1      n=5: best sup_lam CR +1.501500e-01 (gain +6.1144e-01, H 2.850, mf 0.383, 9 atoms)
[    32s] random2      n=6: best sup_lam CR +1.632274e-01 (gain +1.2716e+00, H 3.015, mf 0.383, 12 atoms)
[    42s] random3      n=6: best sup_lam CR +2.937841e-01 (gain +1.4314e+00, H 3.065, mf 0.383, 12 atoms)
[    42s] GLOBAL BEST sup_lam CR +6.969450e-02 (windowkill_n6, n=6)
# runs 2-3: PYTHONHASHSEED=0, value-identical to each other (timestamps aside)
[     1s] windowkill   n=4: best sup_lam CR +7.759474e-02 (gain +8.0666e-02, H 1.904, mf 0.383, 4 atoms)
[     5s] windowkill_n6 n=6: best sup_lam CR +2.592896e-01 (gain +2.6580e-01, H 2.565, mf 0.383, 8 atoms)
[     6s] mmabskill    n=5: best sup_lam CR +7.333739e-02 (gain +3.2309e-01, H 1.919, mf 0.382, 4 atoms)
[     9s] mmabskill_n6 n=6: best sup_lam CR +1.720069e-01 (gain +6.4976e-01, H 2.609, mf 0.383, 7 atoms)
[    14s] random0      n=4: best sup_lam CR +1.505793e-01 (gain +3.9629e-01, H 2.778, mf 0.381, 10 atoms)
[    23s] random1      n=5: best sup_lam CR +1.616441e-01 (gain +7.1196e-01, H 3.036, mf 0.383, 13 atoms)
[    35s] random2      n=6: best sup_lam CR +3.006369e-01 (gain +1.2261e+00, H 3.351, mf 0.383, 14 atoms)
[    46s] random3      n=6: best sup_lam CR +2.268242e-01 (gain +1.2663e+00, H 2.912, mf 0.382, 11 atoms)
[    46s] GLOBAL BEST sup_lam CR +7.333739e-02 (mmabskill, n=5)
# committed data/cr_attack_run.log (023) is a fourth, distinct trajectory.
