  ... 5000/211968 (2.4%) elapsed=33s best=2.712147879289284
  ... 10000/211968 (4.7%) elapsed=66s best=2.712147879289284
  ... 15000/211968 (7.1%) elapsed=99s best=2.712147879289284
  ... 20000/211968 (9.4%) elapsed=133s best=2.712147879289284
  ... 25000/211968 (11.8%) elapsed=167s best=2.712147879289284
  ... 30000/211968 (14.2%) elapsed=200s best=2.708075966553212
  ... 35000/211968 (16.5%) elapsed=234s best=2.7023200556273115
  ... 40000/211968 (18.9%) elapsed=267s best=2.6926852249001074
  ... 45000/211968 (21.2%) elapsed=300s best=2.6926852249001074
  ... 50000/211968 (23.6%) elapsed=334s best=2.6926852249001074
  ... 55000/211968 (25.9%) elapsed=367s best=2.6926852249001074
  ... 60000/211968 (28.3%) elapsed=400s best=2.6926852249001074
  ... 65000/211968 (30.7%) elapsed=433s best=2.6926852249001074
  ... 70000/211968 (33.0%) elapsed=466s best=2.6926852249001074
  ... 75000/211968 (35.4%) elapsed=499s best=2.6926852249001074
  ... 80000/211968 (37.7%) elapsed=533s best=2.692605861235103
  ... 85000/211968 (40.1%) elapsed=567s best=2.692605861235103
  ... 90000/211968 (42.5%) elapsed=601s best=2.692605861235103
  ... 95000/211968 (44.8%) elapsed=634s best=2.692605861235103
  ... 100000/211968 (47.2%) elapsed=667s best=2.692605861235103
  ... 105000/211968 (49.5%) elapsed=700s best=2.692605861235103
  ... 110000/211968 (51.9%) elapsed=733s best=2.692605861235103
  ... 115000/211968 (54.3%) elapsed=768s best=2.692605861235103
  ... 120000/211968 (56.6%) elapsed=801s best=2.692605861235103
  ... 125000/211968 (59.0%) elapsed=834s best=2.6924060103697762
  ... 130000/211968 (61.3%) elapsed=868s best=2.6924060103697762
  ... 135000/211968 (63.7%) elapsed=902s best=2.6924060103697762
  ... 140000/211968 (66.0%) elapsed=936s best=2.6924060103697762
  ... 145000/211968 (68.4%) elapsed=969s best=2.6924060103697762
  ... 150000/211968 (70.8%) elapsed=1002s best=2.6924060103697762
  ... 155000/211968 (73.1%) elapsed=1036s best=2.6924060103697762
  ... 160000/211968 (75.5%) elapsed=1070s best=2.6924060103697762
  ... 165000/211968 (77.8%) elapsed=1106s best=2.6924060103697762
  ... 170000/211968 (80.2%) elapsed=1141s best=2.6924060103697762
  ... 175000/211968 (82.6%) elapsed=1178s best=2.6924060103697762
  ... 180000/211968 (84.9%) elapsed=1215s best=2.6924060103697762
  ... 185000/211968 (87.3%) elapsed=1253s best=2.6924060103697762
  ... 190000/211968 (89.6%) elapsed=1290s best=2.6924060103697762
  ... 195000/211968 (92.0%) elapsed=1326s best=2.6924060103697762
  ... 200000/211968 (94.4%) elapsed=1362s best=2.6924060103697762
  ... 205000/211968 (96.7%) elapsed=1396s best=2.6924060103697762
  ... 210000/211968 (99.1%) elapsed=1421s best=2.6924060103697762
f=1/8,3/8,4/8 sigma=1,2,5 rank=5 side=lower topologies=211968 done=211968 stopped_early=False
HS_lo=2.6923076923 HS_hi=3.0382775120
  2.692406010  aniso=1.6e-11 ferr=7.7e-11 gap=9.831806e-05 labels=(0, 1, 2, 0, 2, 0) normals=(0, 1, 1, 0, 1) shape=(((0, 1), (2, 3)), (4, 5))
  2.692419316  aniso=2.5e-11 ferr=1.3e-10 gap=1.116232e-04 labels=(0, 2, 1, 0, 0, 2) normals=(0, 1, 0, 0, 1) shape=(((0, 1), (2, 3)), (4, 5))
  2.692605861  aniso=3.8e-14 ferr=1.1e-13 gap=2.981689e-04 labels=(2, 0, 1, 2, 0, 2) normals=(0, 1, 1, 0, 0) shape=((0, 1), (2, (3, (4, 5))))
  2.692609870  aniso=4.6e-14 ferr=1.6e-13 gap=3.021774e-04 labels=(2, 0, 2, 1, 0, 2) normals=(0, 1, 0, 0, 1) shape=(((0, (1, 2)), 3), (4, 5))
  2.692611243  aniso=8.6e-12 ferr=2.7e-11 gap=3.035507e-04 labels=(2, 0, 1, 1, 0, 2) normals=(0, 1, 1, 1, 0) shape=((0, 1), (2, (3, (4, 5))))
wrote problems/three-phase-conductivity/data/rank5/screen_1-3-4.json
